main.c:111:5:main	8	static
main.c:204:6:SystemClock_Config	88	static
main.c:249:13:MX_GPIO_Init	16	static
main.c:258:6:gpioConfig	8	static
main.c:281:6:usartConfig	8	static
main.c:301:6:adcConfig	16	static
main.c:312:6:ADC_IRQHandler	16	static
main.c:322:6:USART6_IRQHandler	16	static
main.c:337:6:USART1_IRQHandler	16	static
main.c:352:6:USART2_IRQHandler	16	static
main.c:367:6:clearBuffer	24	static
main.c:380:6:StartSlave	544	static
main.c:426:6:StartMaster	552	static
main.c:460:6:StartInterpret	304	static
main.c:507:6:HAL_TIM_PeriodElapsedCallback	16	static
main.c:524:6:Error_Handler	4	static,ignoring_inline_asm
